jest.config.ts(19,3): error TS2561: Object literal may only specify known properties, but 'coverageThresholds' does not exist in type 'Partial<{ automock: boolean; bail: number | boolean; cache: boolean; cacheDirectory: string; ci: boolean; clearMocks: boolean; changedFilesWithAncestor: boolean; changedSince: string; collectCoverage: boolean; ... 93 more ...; workerThreads: boolean; }>'. Did you mean to write 'coverageThreshold'?
src/app/[slug]/page.tsx(6,10): error TS2865: Import 'Page' conflicts with local value, so must be declared with a type-only import when 'isolatedModules' is enabled.
